// Jest Snapshot v1, https://goo.gl/fbAQLP

exports[`renders correctly when there are no items 1`] = `
<div
  className="App"
>
  <div
    className="menu"
  >
    <button
      className="menu__button"
    >
      ☰
    </button>
    <div
      className="menu__content"
    >
      <a
        className="menu__content__link"
        href="#About"
        rel="noopener noreferrer"
      >
        About
      </a>
      <a
        className="menu__content__link"
        href="#Projects"
        rel="noopener noreferrer"
      >
        Projects
      </a>
      <a
        className="menu__content__link"
        href="#Contact"
        rel="noopener noreferrer"
      >
        Contact
      </a>
    </div>
  </div>
  <div
    className="section"
    id="About"
  >
    <img
      alt="profile"
      className="profile"
      src="https://i.imgur.com/wbshJ54.jpg"
    />
    <h1
      className="about__header"
    >
      Gergana Minova
    </h1>
    <p
      className="about__text"
    >
      I mentor prospect students at Founders and Coders. You can also find me at various events, such as London Node.js User team, TAQFull(Technology, Agility & Quality), and React meetups.
    </p>
    <p
      className="about__text"
    >
      I am committed to building software, tackling challenges and achieving goals. My objective is to join a friendly team and work towards clever and elegant solutions.
    </p>
    <div
      className="about__grid"
    >
      <img
        alt="logo"
        className="logo"
        src="https://i.imgur.com/I7jXzxR.png"
      />
      <img
        alt="logo"
        className="logo"
        src="https://i.imgur.com/3HdTez6.png"
      />
      <img
        alt="logo"
        className="logo"
        src="https://i.imgur.com/q9Gd5B2.png"
      />
      <img
        alt="logo"
        className="logo"
        src="https://i.imgur.com/ZMOBeOz.png"
      />
      <img
        alt="logo"
        className="logo"
        src="https://i.imgur.com/whQw5pf.png"
      />
      <img
        alt="logo"
        className="logo"
        src="https://i.imgur.com/xFnEsQe.png"
      />
      <img
        alt="logo"
        className="logo"
        src="https://i.imgur.com/rpMby4E.png"
      />
      <img
        alt="logo"
        className="logo"
        src="https://i.imgur.com/L48CZMZ.jpg"
      />
      <img
        alt="logo"
        className="logo"
        src="https://i.imgur.com/HDh5HyN.png"
      />
      <img
        alt="logo"
        className="logo"
        src="https://i.imgur.com/sVtEvw8.png"
      />
      <img
        alt="logo"
        className="logo"
        src="https://i.imgur.com/h30QHHZ.png"
      />
      <img
        alt="logo"
        className="logo"
        src="https://i.imgur.com/DlDXScO.png"
      />
    </div>
    <a
      className="arrow__link"
      href="#Projects"
    >
      <p
        className="arrow"
      >
        ↓
      </p>
    </a>
  </div>
  <div
    className="section section--projects"
    id="Projects"
  >
    <div
      className="projects__gallery"
    >
      <div
        className="project__card"
      >
        <a
          className="project__link"
          href="https://github.com/fac-17/Generation-Change"
          rel="noopener noreferrer"
          target="_blank"
        >
          <h3
            className="project__title"
          >
            Generation Change
          </h3>
        </a>
        <p
          className="project__text"
        >
          A serverless team project build for a client using ReactJS, SASS, BEM, Airtable, Jest, Cypress, and Netlify. This website allows educators (e.g. scout leaders) to find local social action projects for their young people.
        </p>
        <a
          className="project__link"
          href="https://github.com/fac-17/Generation-Change"
          rel="noopener noreferrer"
          target="_blank"
        >
          <img
            alt="projects__gallery__img"
            className="projects__gallery__img"
            src="https://i.imgur.com/hetklEj.jpg"
          />
        </a>
      </div>
      <div
        className="project__card"
      >
        <a
          className="project__link"
          href="https://github.com/gminova/food-miles"
          rel="noopener noreferrer"
          target="_blank"
        >
          <h3
            className="project__title"
          >
            Food Miles
          </h3>
        </a>
        <p
          className="project__text"
        >
          A full-stack team project using ExpressJS, HandlebarsJS, PostgreSQL, randomly generated dummy data, TDD, codecov, supertest, tape, Travis CI, SASS, and Heroku
        </p>
        <a
          className="project__link"
          href="https://github.com/gminova/food-miles"
          rel="noopener noreferrer"
          target="_blank"
        >
          <img
            alt="projects__gallery__img"
            className="projects__gallery__img"
            src="https://i.imgur.com/EntbhD7.png"
          />
        </a>
      </div>
      <div
        className="project__card"
      >
        <a
          className="project__link"
          href="https://github.com/gminova/latest-news"
          rel="noopener noreferrer"
          target="_blank"
        >
          <h3
            className="project__title"
          >
            Latest News
          </h3>
        </a>
        <p
          className="project__text"
        >
          A full-stack personal project using ExpressJS, HandlebarsJS, PostgreSQL, APIs, fetch, TDD, supertest, tape, authentication, JWT, Travis CI, CSS, BEM and Heroku
        </p>
        <a
          className="project__link"
          href="https://github.com/gminova/latest-news"
          rel="noopener noreferrer"
          target="_blank"
        >
          <img
            alt="projects__gallery__img"
            className="projects__gallery__img"
            src="https://github.com/gminova/latest-news/blob/master/public/images/Screenshot%20from%202019-09-05%2000-21-28.png?raw=true"
          />
        </a>
      </div>
      <div
        className="project__card"
      >
        <a
          className="project__link"
          href="https://github.com/gminova/crime-watcher"
          rel="noopener noreferrer"
          target="_blank"
        >
          <h3
            className="project__title"
          >
            Crime Watcher
          </h3>
        </a>
        <p
          className="project__text"
        >
          A team project using the xhr module, callbacks, APIs, vanilla JavaScript, TDD, leaflet maps, Heroku, HTML and CSS
        </p>
        <a
          className="project__link"
          href="https://github.com/gminova/crime-watcher"
          rel="noopener noreferrer"
          target="_blank"
        >
          <img
            alt="projects__gallery__img"
            className="projects__gallery__img"
            src="https://i.imgur.com/RLAMVR2.png"
          />
        </a>
      </div>
      <div
        className="project__card"
      >
        <a
          className="project__link"
          href="https://github.com/gminova/pearls-of-wisdom"
          rel="noopener noreferrer"
          target="_blank"
        >
          <h3
            className="project__title"
          >
            Pearls of wisdom
          </h3>
        </a>
        <p
          className="project__text"
        >
          A team project using ExpressJS, HandlebarsJS, PostgreSQL, tape, supertest, TDD, Heroku, CSS
        </p>
        <a
          className="project__link"
          href="https://github.com/gminova/pearls-of-wisdom"
          rel="noopener noreferrer"
          target="_blank"
        >
          <img
            alt="projects__gallery__img"
            className="projects__gallery__img"
            src="https://i.imgur.com/WRfEqwW.png"
          />
        </a>
      </div>
      <div
        className="project__card"
      >
        <a
          className="project__link"
          href="https://github.com/gminova/project-fear"
          rel="noopener noreferrer"
          target="_blank"
        >
          <h3
            className="project__title"
          >
            Project Fear
          </h3>
        </a>
        <p
          className="project__text"
        >
          A team project using NodeJS, http and https, TDD, API, Travis CI, tape, supertest, nock, CSS and HTML
        </p>
        <a
          className="project__link"
          href="https://github.com/gminova/project-fear"
          rel="noopener noreferrer"
          target="_blank"
        >
          <img
            alt="projects__gallery__img"
            className="projects__gallery__img"
            src="https://i.imgur.com/AOxnRcn.png"
          />
        </a>
      </div>
      <div
        className="project__card"
      >
        <a
          className="project__link"
          href="https://github.com/gminova/to-do-app"
          rel="noopener noreferrer"
          target="_blank"
        >
          <h3
            className="project__title"
          >
            To-do app
          </h3>
        </a>
        <p
          className="project__text"
        >
          A team project using HTML, CSS, vanilla JavaScript, and TDD
        </p>
        <a
          className="project__link"
          href="https://github.com/gminova/to-do-app"
          rel="noopener noreferrer"
          target="_blank"
        >
          <img
            alt="projects__gallery__img"
            className="projects__gallery__img"
            src="https://i.imgur.com/Bt2ZuXG.jpg"
          />
        </a>
      </div>
      <div
        className="project__card"
      >
        <a
          className="project__link"
          href="https://github.com/gminova/weather-app"
          rel="noopener noreferrer"
          target="_blank"
        >
          <h3
            className="project__title"
          >
            Weather app
          </h3>
        </a>
        <p
          className="project__text"
        >
          A code-along team project using ExpressJS, API and EJS
        </p>
        <a
          className="project__link"
          href="https://github.com/gminova/weather-app"
          rel="noopener noreferrer"
          target="_blank"
        >
          <img
            alt="projects__gallery__img"
            className="projects__gallery__img"
            src="https://i.imgur.com/uYnCglX.jpg"
          />
        </a>
      </div>
      <div
        className="project__card"
      >
        <a
          className="project__link"
          href="https://github.com/gminova/tic-tac-toe"
          rel="noopener noreferrer"
          target="_blank"
        >
          <h3
            className="project__title"
          >
            Tic-tac-toe
          </h3>
        </a>
        <p
          className="project__text"
        >
          A code-along personal project following the React Documentation to help me learn React syntax, classes, inheritance and states
        </p>
        <a
          className="project__link"
          href="https://github.com/gminova/tic-tac-toe"
          rel="noopener noreferrer"
          target="_blank"
        >
          <img
            alt="projects__gallery__img"
            className="projects__gallery__img"
            src="https://i.imgur.com/e0hBbEg.png"
          />
        </a>
      </div>
      <div
        className="project__card"
      >
        <a
          className="project__link"
          href="https://gminova.github.io/calc-js/"
          rel="noopener noreferrer"
          target="_blank"
        >
          <h3
            className="project__title"
          >
            Calculator
          </h3>
        </a>
        <p
          className="project__text"
        >
          A personal project using vanilla JavaScript, HTML and CSS
        </p>
        <a
          className="project__link"
          href="https://gminova.github.io/calc-js/"
          rel="noopener noreferrer"
          target="_blank"
        >
          <img
            alt="projects__gallery__img"
            className="projects__gallery__img"
            src="https://i.imgur.com/PIX7zzm.png"
          />
        </a>
      </div>
      <div
        className="project__card"
      >
        <a
          className="project__link"
          href="https://github.com/gminova/search-gifs"
          rel="noopener noreferrer"
          target="_blank"
        >
          <h3
            className="project__title"
          >
            Search GIFs
          </h3>
        </a>
        <p
          className="project__text"
        >
          A personal project using TDD, supertest, tape, TravisCI, nyc, codecov, Heroku, NodeJS and the Giphy API for searching gifs on the back-end
        </p>
        <a
          className="project__link"
          href="https://github.com/gminova/search-gifs"
          rel="noopener noreferrer"
          target="_blank"
        >
          <img
            alt="projects__gallery__img"
            className="projects__gallery__img"
            src="https://i.imgur.com/FoBXSDg.jpg"
          />
        </a>
      </div>
      <div
        className="project__card"
      >
        <a
          className="project__link"
          href="https://github.com/gminova/memory-game"
          rel="noopener noreferrer"
          target="_blank"
        >
          <h3
            className="project__title"
          >
            Japanese memory game
          </h3>
        </a>
        <p
          className="project__text"
        >
          A code-along personal project using vanilla JavaScript, HTML and CSS
        </p>
        <a
          className="project__link"
          href="https://github.com/gminova/memory-game"
          rel="noopener noreferrer"
          target="_blank"
        >
          <img
            alt="projects__gallery__img"
            className="projects__gallery__img"
            src="https://i.imgur.com/d4sSgKZ.png"
          />
        </a>
      </div>
    </div>
  </div>
  <div
    className="section"
    id="Contact"
  >
    <span
      aria-label="dart-emoji"
      role="img"
    >
      🎯
    </span>
    <a
      className="contact__link"
      href="https://twitter.com/gigi_minova"
      rel="noopener noreferrer"
      target="_blank"
    >
      Twitter
       
    </a>
    <a
      className="contact__link"
      href="https://github.com/gminova"
      rel="noopener noreferrer"
      target="_blank"
    >
      GitHub
       
    </a>
    <a
      className="contact__link"
      href="https://linkedin.com/in/gminova"
      rel="noopener noreferrer"
      target="_blank"
    >
      LinkedIn
       
    </a>
    <a
      className="contact__link"
      href="https://www.codewars.com/users/gminova"
      rel="noopener noreferrer"
      target="_blank"
    >
      CodeWars
       
    </a>
    <a
      className="contact__link"
      href="https://www.freecodecamp.org/gminova"
      rel="noopener noreferrer"
      target="_blank"
    >
      FreeCodeCamp
       
    </a>
    <a
      className="contact__link"
      download="GerganaMinovaCV.pdf"
      href="assets/GerganaMinovaCV.pdf"
    >
      Download CV.pdf
    </a>
  </div>
  <footer
    className="footer"
  >
    ©2019 Made with 
    <span
      aria-label="heart-emoji"
      role="img"
    >
      ❤️
    </span>
     by G. Minova
  </footer>
</div>
`;
